2026.01.18 22:32:40 WARN  Using H2 2.4.240 which is newer than the version Flyway has been verified with. The latest verified version of H2 is 2.3.232.
2026.01.18 22:32:40 INFO  no build target found for /Users/peter/esp/v5.5.1/esp-idf/tools/esp-matter/connectedhomeip/connectedhomeip/examples/tv-app/android/App/platform-app/src/main/java/com/matter/tv/server/service/MatterServant.java. Using fallback presentation compiler.
Jan 18, 2026 10:32:41 PM org.eclipse.lsp4j.jsonrpc.RemoteEndpoint handleCancellation
WARNING: Unmatched cancel notification for request id 1
2026.01.18 22:32:40 INFO  no build target found for /Users/peter/esp/v5.5.1/esp-idf/tools/esp-matter/connectedhomeip/connectedhomeip/examples/tv-app/android/App/platform-app/src/main/java/com/matter/tv/server/service/MatterServant.java. Using fallback presentation compiler.
Jan 18, 2026 10:32:41 PM org.eclipse.lsp4j.jsonrpc.RemoteEndpoint handleCancellation
WARNING: Unmatched cancel notification for request id 2
2026.01.18 22:32:41 INFO  no build target found for /Users/peter/esp/v5.5.1/esp-idf/tools/esp-matter/connectedhomeip/connectedhomeip/examples/tv-app/android/App/platform-app/src/main/java/com/matter/tv/server/service/MatterServant.java. Using fallback presentation compiler.
2026.01.18 22:32:41 INFO  no build target found for /Users/peter/esp/v5.5.1/esp-idf/tools/esp-matter/connectedhomeip/connectedhomeip/examples/tv-app/android/App/platform-app/src/main/java/com/matter/tv/server/service/MatterServantService.java. Using fallback presentation compiler.
Jan 18, 2026 10:32:41 PM org.eclipse.lsp4j.jsonrpc.RemoteEndpoint handleCancellation
WARNING: Unmatched cancel notification for request id 5
2026.01.18 22:32:41 INFO  no build target found for /Users/peter/esp/v5.5.1/esp-idf/tools/esp-matter/connectedhomeip/connectedhomeip/examples/tv-app/android/App/platform-app/src/main/java/com/matter/tv/server/service/MatterServantService.java. Using fallback presentation compiler.
Jan 18, 2026 10:32:41 PM org.eclipse.lsp4j.jsonrpc.RemoteEndpoint handleCancellation
WARNING: Unmatched cancel notification for request id 6
2026.01.18 22:32:41 INFO  no build target found for /Users/peter/esp/v5.5.1/esp-idf/tools/esp-matter/connectedhomeip/connectedhomeip/examples/tv-app/android/App/platform-app/src/main/java/com/matter/tv/server/service/MatterServantService.java. Using fallback presentation compiler.
2026.01.18 22:32:41 WARN  no build tool detected in workspace '/Users/peter/esp/v5.5.1/esp-idf/tools/esp-matter'. The most common cause for this problem is that the editor was opened in the wrong working directory, for example if you use sbt then the workspace directory should contain build.sbt. 
2026.01.18 22:32:41 WARN  Build server is not auto-connectable.
2026.01.18 22:32:41 WARN  no build target for: /Users/peter/esp/v5.5.1/esp-idf/tools/esp-matter/connectedhomeip/connectedhomeip/examples/tv-app/android/App/platform-app/src/main/java/com/matter/tv/server/service/MatterServant.java
2026.01.18 22:32:41 WARN  no build target for: /Users/peter/esp/v5.5.1/esp-idf/tools/esp-matter/connectedhomeip/connectedhomeip/examples/tv-app/android/App/platform-app/src/main/java/com/matter/tv/server/service/MatterServantService.java
2026.01.18 22:32:50 WARN  no build target for: /Users/peter/esp/v5.5.1/esp-idf/tools/esp-matter/connectedhomeip/connectedhomeip/examples/tv-app/android/App/platform-app/src/main/java/com/matter/tv/server/service/MatterServantService.java
2026.01.18 22:32:50 INFO  no build target found for /Users/peter/esp/v5.5.1/esp-idf/tools/esp-matter/connectedhomeip/connectedhomeip/examples/tv-app/android/App/platform-app/src/main/java/com/matter/tv/server/service/MatterServantService.java. Using fallback presentation compiler.
2026.01.18 22:32:50 INFO  no build target found for /Users/peter/esp/v5.5.1/esp-idf/tools/esp-matter/connectedhomeip/connectedhomeip/examples/tv-app/android/App/platform-app/src/main/java/com/matter/tv/server/service/MatterServantService.java. Using fallback presentation compiler.
2026.01.18 22:32:52 INFO  no build target found for /Users/peter/esp/v5.5.1/esp-idf/tools/esp-matter/connectedhomeip/connectedhomeip/examples/tv-app/android/App/platform-app/src/main/java/com/matter/tv/server/service/MatterServantService.java. Using fallback presentation compiler.
2026.01.18 22:32:52 WARN  no build target for: /Users/peter/esp/v5.5.1/esp-idf/tools/esp-matter/connectedhomeip/connectedhomeip/examples/tv-app/android/App/platform-app/src/main/java/com/matter/tv/server/service/MatterServant.java
2026.01.18 22:32:52 INFO  no build target found for /Users/peter/esp/v5.5.1/esp-idf/tools/esp-matter/connectedhomeip/connectedhomeip/examples/tv-app/android/App/platform-app/src/main/java/com/matter/tv/server/service/MatterServant.java. Using fallback presentation compiler.
2026.01.18 22:32:52 INFO  no build target found for /Users/peter/esp/v5.5.1/esp-idf/tools/esp-matter/connectedhomeip/connectedhomeip/examples/tv-app/android/App/platform-app/src/main/java/com/matter/tv/server/service/MatterServant.java. Using fallback presentation compiler.
2026.01.18 22:32:53 INFO  no build target found for /Users/peter/esp/v5.5.1/esp-idf/tools/esp-matter/connectedhomeip/connectedhomeip/examples/tv-app/android/App/platform-app/src/main/java/com/matter/tv/server/service/MatterServant.java. Using fallback presentation compiler.
Jan 19, 2026 9:17:29 PM org.eclipse.lsp4j.jsonrpc.services.GenericEndpoint notify
INFO: Unsupported notification method: $/setTrace
Jan 19, 2026 9:17:45 PM org.eclipse.lsp4j.jsonrpc.services.GenericEndpoint notify
INFO: Unsupported notification method: $/setTrace
Jan 24, 2026 1:26:04 PM org.eclipse.lsp4j.jsonrpc.services.GenericEndpoint notify
INFO: Unsupported notification method: $/setTrace
Jan 24, 2026 6:24:53 PM org.eclipse.lsp4j.jsonrpc.services.GenericEndpoint notify
INFO: Unsupported notification method: $/setTrace
Jan 25, 2026 2:12:55 PM org.eclipse.lsp4j.jsonrpc.services.GenericEndpoint notify
INFO: Unsupported notification method: $/setTrace
Jan 25, 2026 2:12:55 PM org.eclipse.lsp4j.jsonrpc.services.GenericEndpoint notify
INFO: Unsupported notification method: $/setTrace
Jan 25, 2026 2:12:55 PM org.eclipse.lsp4j.jsonrpc.services.GenericEndpoint notify
INFO: Unsupported notification method: $/setTrace
Jan 25, 2026 2:12:55 PM org.eclipse.lsp4j.jsonrpc.services.GenericEndpoint notify
INFO: Unsupported notification method: $/setTrace
Jan 25, 2026 2:12:55 PM org.eclipse.lsp4j.jsonrpc.services.GenericEndpoint notify
INFO: Unsupported notification method: $/setTrace
Jan 25, 2026 2:12:55 PM org.eclipse.lsp4j.jsonrpc.services.GenericEndpoint notify
INFO: Unsupported notification method: $/setTrace
Jan 25, 2026 2:12:55 PM org.eclipse.lsp4j.jsonrpc.services.GenericEndpoint notify
INFO: Unsupported notification method: $/setTrace
2026.01.25 14:12:56 INFO  Shutting down server
2026.01.25 14:12:56 INFO  shutting down Metals
2026.01.25 14:12:56 INFO  Exiting server
